// Jest Snapshot v1, https://goo.gl/fbAQLP

exports[`<Period /> should render the default duration and period 1`] = `
<form>
  <h3
    className="e1vcssft0 css-l3100a-StyledHeader-StyledHoc e4u1u2g0"
    size="SMALL"
  >
    Select period to view
  </h3>
  <div
    className="css-1gcc8vu"
  >
    <input
      className="e1vcssft0 css-4n7f6s-StyledInput-StyledHoc e4u1u2g0"
      data-qa="keyworker-dashboard-duration"
      name="duration"
      onChange={[Function]}
      type="text"
      value={4}
    />
    <select
      className="css-pvtrvx-StyledSelect e4u1u2g0"
      data-qa="keyworker-dashboard-period"
      name="period"
    >
      <option
        value="week"
      >
        Weekly
      </option>
      <option
        value="month"
      >
        Monthly
      </option>
      <option
        value="year"
      >
        Yearly
      </option>
    </select>
    <button
      className="button greyButton"
      onClick={[Function]}
      type="submit"
    >
      Update
    </button>
  </div>
</form>
`;
