// Jest Snapshot v1, https://goo.gl/fbAQLP

exports[`<FooterContainer /> should render correctly 1`] = `
<footer
  className="src__FooterContainer-sc-1bvy0ac-0 eskibS sc-htpNat fJjhOP"
  role="contentinfo"
>
  <div
    className="width-container__WidthContainer-qd309x-0 sc-bwzfXH iaUJaF"
  >
    <div
      className="meta__Meta-sc-16xm6pe-0 bpdoiG"
    >
      <div
        className="meta-item__MetaItem-sc-16p8do8-0 jMjsRa"
      >
        <span
          className="src__VisuallyHidden-sc-1d47voq-0 HZRMW"
          focusable={false}
        >
          <h2
            className="heading__StyledHeading-sc-1sovo83-0 ctdnFM"
            size="LARGE"
          >
            Support links
          </h2>
        </span>
        <ul
          className="unordered-list__UnorderedList-dpwfc3-0 bdsISw"
        >
          <li
            className="list-item__ListItem-sc-1cqophz-0 kacDc"
          >
            <a
              className="sc-bdVaJa fSPrJw link__StyledFooterLink-sc-1c8mabd-0 dXqMes"
              href="/"
              muted={false}
            >
              Feedback and support
            </a>
          </li>
          <li
            className="list-item__ListItem-sc-1cqophz-0 kacDc"
          >
            <a
              className="sc-bdVaJa fSPrJw link__StyledFooterLink-sc-1c8mabd-0 dXqMes"
              href="/prisonStaffHubUrl/content/terms-conditions"
              muted={false}
              target="_blank"
            >
              Terms and conditions
            </a>
          </li>
        </ul>
        <div>
          <svg
            className="licence__LicenceLogo-hv7ikp-0 cVvuDl"
            focusable="false"
            height="17"
            role="presentation"
            viewBox="0 0 483.2 195.7"
            width="41"
            xmlns="http://www.w3.org/2000/svg"
          >
            <path
              d="M421.5 142.8V.1l-50.7 32.3v161.1h112.4v-50.7zm-122.3-9.6A47.12 47.12 0 0 1 221 97.8c0-26 21.1-47.1 47.1-47.1 16.7 0 31.4 8.7 39.7 21.8l42.7-27.2A97.63 97.63 0 0 0 268.1 0c-36.5 0-68.3 20.1-85.1 49.7A98 98 0 0 0 97.8 0C43.9 0 0 43.9 0 97.8s43.9 97.8 97.8 97.8c36.5 0 68.3-20.1 85.1-49.7a97.76 97.76 0 0 0 149.6 25.4l19.4 22.2h3v-87.8h-80l24.3 27.5zM97.8 145c-26 0-47.1-21.1-47.1-47.1s21.1-47.1 47.1-47.1 47.2 21 47.2 47S123.8 145 97.8 145"
              fill="currentColor"
            />
          </svg>
          <span
            className="licence__LicenceDescription-hv7ikp-1 fwUcnj"
          >
            All content is available under the
             
            <a
              className="sc-bdVaJa fSPrJw link__StyledFooterLink-sc-1c8mabd-0 dXqMes"
              href="https://www.nationalarchives.gov.uk/doc/open-government-licence/version/3/"
              muted={false}
              rel="license"
            >
              Open Government Licence v3.0
            </a>
            , except where otherwise stated
          </span>
        </div>
      </div>
      <div
        className="meta-item__MetaItem-sc-16p8do8-0 dpdtYn"
      >
        <a
          className="sc-bdVaJa copyright__StyledCopyright-y760rk-0 eFlKP"
          href="https://www.nationalarchives.gov.uk/information-management/re-using-public-sector-information/uk-government-licensing-framework/crown-copyright/"
          muted={false}
        >
          © 
          Crown copyright
        </a>
      </div>
    </div>
  </div>
</footer>
`;
