// Jest Snapshot v1, https://goo.gl/fbAQLP

exports[`ManualAllocation component should render list correctly 1`] = `
ShallowWrapper {
  "length": 1,
  Symbol(enzyme.__root__): [Circular],
  Symbol(enzyme.__unrendered__): <ManualAllocation
    list={
        Array [
            Object {
              "bookingId": 1,
              "firstName": "Steve",
              "internalLocationDesc": "L-1-1",
              "lastName": "Rendell",
              "offenderNo": "ZZ124WX",
            },
            Object {
              "bookingId": 2,
              "firstName": "Steve2",
              "internalLocationDesc": "L-1-2",
              "lastName": "Rendell2",
              "offenderNo": "ZZ125WX",
            },
          ]
    }
/>,
  Symbol(enzyme.__renderer__): Object {
    "batchedUpdates": [Function],
    "getNode": [Function],
    "render": [Function],
    "simulateEvent": [Function],
    "unmount": [Function],
  },
  Symbol(enzyme.__node__): Object {
    "instance": null,
    "key": undefined,
    "nodeType": "host",
    "props": Object {
      "children": Array [
        <h1
          className="heading-large"
>
          Key worker allocation
</h1>,
        <p>
          These prisoners below have been automatically allocated to a Key worker. Use the drop down menu on the right to override it. The number in the brackets indicates the current total of allocated prisoners to each Key worker.
</p>,
        <table>
          <thead>
                    <tr>
                              <th>
                                        Name
                              </th>
                              <th>
                                        NOMS ID
                              </th>
                              <th>
                                        Location
                              </th>
                              <th>
                                        RD
                              </th>
                              <th>
                                        CSRA
                              </th>
                              <th>
                                        Allocated Key worker
                              </th>
                    </tr>
          </thead>
          <tbody>
                    <tr>
                              <td>
                                        <a
                                                  href={1}
                                        >
                                                  Rendell, Steve
                                        </a>
                              </td>
                              <td>
                                        ZZ124WX
                              </td>
                              <td>
                                        L-1-1
                              </td>
                              <td>
                                        release date todo
                              </td>
                              <td>
                                        csra todo
                              </td>
                              <td>
                                        , 
                                        <span
                                                  className="tooltipSpan"
                                                  data-tip="undefined allocated"
                                        >
                                                  <img
                                                            alt="current Key worker allocation"
                                                            className="tooltipImage"
                                                            src="images/icon-information.png"
                                                  />
                                        </span>
                                        <ReactTooltip
                                                  effect="solid"
                                                  insecure={true}
                                                  place="top"
                                                  resizeHide={true}
                                                  theme="info"
                                                  wrapper="div"
                                        />
                              </td>
                    </tr>
                    <tr>
                              <td>
                                        <a
                                                  href={2}
                                        >
                                                  Rendell2, Steve2
                                        </a>
                              </td>
                              <td>
                                        ZZ125WX
                              </td>
                              <td>
                                        L-1-2
                              </td>
                              <td>
                                        release date todo
                              </td>
                              <td>
                                        csra todo
                              </td>
                              <td>
                                        , 
                                        <span
                                                  className="tooltipSpan"
                                                  data-tip="undefined allocated"
                                        >
                                                  <img
                                                            alt="current Key worker allocation"
                                                            className="tooltipImage"
                                                            src="images/icon-information.png"
                                                  />
                                        </span>
                                        <ReactTooltip
                                                  effect="solid"
                                                  insecure={true}
                                                  place="top"
                                                  resizeHide={true}
                                                  theme="info"
                                                  wrapper="div"
                                        />
                              </td>
                    </tr>
          </tbody>
</table>,
        <button
          className="button top-gutter pure-u-md-2-12"
          onClick={[Function]}
>
          Allocate
</button>,
      ],
    },
    "ref": null,
    "rendered": Array [
      Object {
        "instance": null,
        "key": undefined,
        "nodeType": "host",
        "props": Object {
          "children": "Key worker allocation",
          "className": "heading-large",
        },
        "ref": null,
        "rendered": "Key worker allocation",
        "type": "h1",
      },
      Object {
        "instance": null,
        "key": undefined,
        "nodeType": "host",
        "props": Object {
          "children": "These prisoners below have been automatically allocated to a Key worker. Use the drop down menu on the right to override it. The number in the brackets indicates the current total of allocated prisoners to each Key worker.",
        },
        "ref": null,
        "rendered": "These prisoners below have been automatically allocated to a Key worker. Use the drop down menu on the right to override it. The number in the brackets indicates the current total of allocated prisoners to each Key worker.",
        "type": "p",
      },
      Object {
        "instance": null,
        "key": undefined,
        "nodeType": "host",
        "props": Object {
          "children": Array [
            <thead>
              <tr>
                            <th>
                                          Name
                            </th>
                            <th>
                                          NOMS ID
                            </th>
                            <th>
                                          Location
                            </th>
                            <th>
                                          RD
                            </th>
                            <th>
                                          CSRA
                            </th>
                            <th>
                                          Allocated Key worker
                            </th>
              </tr>
</thead>,
            <tbody>
              <tr>
                            <td>
                                          <a
                                                        href={1}
                                          >
                                                        Rendell, Steve
                                          </a>
                            </td>
                            <td>
                                          ZZ124WX
                            </td>
                            <td>
                                          L-1-1
                            </td>
                            <td>
                                          release date todo
                            </td>
                            <td>
                                          csra todo
                            </td>
                            <td>
                                          , 
                                          <span
                                                        className="tooltipSpan"
                                                        data-tip="undefined allocated"
                                          >
                                                        <img
                                                                      alt="current Key worker allocation"
                                                                      className="tooltipImage"
                                                                      src="images/icon-information.png"
                                                        />
                                          </span>
                                          <ReactTooltip
                                                        effect="solid"
                                                        insecure={true}
                                                        place="top"
                                                        resizeHide={true}
                                                        theme="info"
                                                        wrapper="div"
                                          />
                            </td>
              </tr>
              <tr>
                            <td>
                                          <a
                                                        href={2}
                                          >
                                                        Rendell2, Steve2
                                          </a>
                            </td>
                            <td>
                                          ZZ125WX
                            </td>
                            <td>
                                          L-1-2
                            </td>
                            <td>
                                          release date todo
                            </td>
                            <td>
                                          csra todo
                            </td>
                            <td>
                                          , 
                                          <span
                                                        className="tooltipSpan"
                                                        data-tip="undefined allocated"
                                          >
                                                        <img
                                                                      alt="current Key worker allocation"
                                                                      className="tooltipImage"
                                                                      src="images/icon-information.png"
                                                        />
                                          </span>
                                          <ReactTooltip
                                                        effect="solid"
                                                        insecure={true}
                                                        place="top"
                                                        resizeHide={true}
                                                        theme="info"
                                                        wrapper="div"
                                          />
                            </td>
              </tr>
</tbody>,
          ],
        },
        "ref": null,
        "rendered": Array [
          Object {
            "instance": null,
            "key": undefined,
            "nodeType": "host",
            "props": Object {
              "children": <tr>
                <th>
                                Name
                </th>
                <th>
                                NOMS ID
                </th>
                <th>
                                Location
                </th>
                <th>
                                RD
                </th>
                <th>
                                CSRA
                </th>
                <th>
                                Allocated Key worker
                </th>
</tr>,
            },
            "ref": null,
            "rendered": Object {
              "instance": null,
              "key": undefined,
              "nodeType": "host",
              "props": Object {
                "children": Array [
                  <th>
                    Name
</th>,
                  <th>
                    NOMS ID
</th>,
                  <th>
                    Location
</th>,
                  <th>
                    RD
</th>,
                  <th>
                    CSRA
</th>,
                  <th>
                    Allocated Key worker
</th>,
                ],
              },
              "ref": null,
              "rendered": Array [
                Object {
                  "instance": null,
                  "key": undefined,
                  "nodeType": "host",
                  "props": Object {
                    "children": "Name",
                  },
                  "ref": null,
                  "rendered": "Name",
                  "type": "th",
                },
                Object {
                  "instance": null,
                  "key": undefined,
                  "nodeType": "host",
                  "props": Object {
                    "children": "NOMS ID",
                  },
                  "ref": null,
                  "rendered": "NOMS ID",
                  "type": "th",
                },
                Object {
                  "instance": null,
                  "key": undefined,
                  "nodeType": "host",
                  "props": Object {
                    "children": "Location",
                  },
                  "ref": null,
                  "rendered": "Location",
                  "type": "th",
                },
                Object {
                  "instance": null,
                  "key": undefined,
                  "nodeType": "host",
                  "props": Object {
                    "children": "RD",
                  },
                  "ref": null,
                  "rendered": "RD",
                  "type": "th",
                },
                Object {
                  "instance": null,
                  "key": undefined,
                  "nodeType": "host",
                  "props": Object {
                    "children": "CSRA",
                  },
                  "ref": null,
                  "rendered": "CSRA",
                  "type": "th",
                },
                Object {
                  "instance": null,
                  "key": undefined,
                  "nodeType": "host",
                  "props": Object {
                    "children": "Allocated Key worker",
                  },
                  "ref": null,
                  "rendered": "Allocated Key worker",
                  "type": "th",
                },
              ],
              "type": "tr",
            },
            "type": "thead",
          },
          Object {
            "instance": null,
            "key": undefined,
            "nodeType": "host",
            "props": Object {
              "children": Array [
                <tr>
                  <td>
                                    <a
                                                      href={1}
                                    >
                                                      Rendell, Steve
                                    </a>
                  </td>
                  <td>
                                    ZZ124WX
                  </td>
                  <td>
                                    L-1-1
                  </td>
                  <td>
                                    release date todo
                  </td>
                  <td>
                                    csra todo
                  </td>
                  <td>
                                    , 
                                    <span
                                                      className="tooltipSpan"
                                                      data-tip="undefined allocated"
                                    >
                                                      <img
                                                                        alt="current Key worker allocation"
                                                                        className="tooltipImage"
                                                                        src="images/icon-information.png"
                                                      />
                                    </span>
                                    <ReactTooltip
                                                      effect="solid"
                                                      insecure={true}
                                                      place="top"
                                                      resizeHide={true}
                                                      theme="info"
                                                      wrapper="div"
                                    />
                  </td>
</tr>,
                <tr>
                  <td>
                                    <a
                                                      href={2}
                                    >
                                                      Rendell2, Steve2
                                    </a>
                  </td>
                  <td>
                                    ZZ125WX
                  </td>
                  <td>
                                    L-1-2
                  </td>
                  <td>
                                    release date todo
                  </td>
                  <td>
                                    csra todo
                  </td>
                  <td>
                                    , 
                                    <span
                                                      className="tooltipSpan"
                                                      data-tip="undefined allocated"
                                    >
                                                      <img
                                                                        alt="current Key worker allocation"
                                                                        className="tooltipImage"
                                                                        src="images/icon-information.png"
                                                      />
                                    </span>
                                    <ReactTooltip
                                                      effect="solid"
                                                      insecure={true}
                                                      place="top"
                                                      resizeHide={true}
                                                      theme="info"
                                                      wrapper="div"
                                    />
                  </td>
</tr>,
              ],
            },
            "ref": null,
            "rendered": Array [
              Object {
                "instance": null,
                "key": "1",
                "nodeType": "host",
                "props": Object {
                  "children": Array [
                    <td>
                      <a
                                            href={1}
                      >
                                            Rendell, Steve
                      </a>
</td>,
                    <td>
                      ZZ124WX
</td>,
                    <td>
                      L-1-1
</td>,
                    <td>
                      release date todo
</td>,
                    <td>
                      csra todo
</td>,
                    <td>
                      , 
                      <span
                                            className="tooltipSpan"
                                            data-tip="undefined allocated"
                      >
                                            <img
                                                                  alt="current Key worker allocation"
                                                                  className="tooltipImage"
                                                                  src="images/icon-information.png"
                                            />
                      </span>
                      <ReactTooltip
                                            effect="solid"
                                            insecure={true}
                                            place="top"
                                            resizeHide={true}
                                            theme="info"
                                            wrapper="div"
                      />
</td>,
                  ],
                },
                "ref": null,
                "rendered": Array [
                  Object {
                    "instance": null,
                    "key": undefined,
                    "nodeType": "host",
                    "props": Object {
                      "children": <a
                        href={1}
>
                        Rendell, Steve
</a>,
                    },
                    "ref": null,
                    "rendered": Object {
                      "instance": null,
                      "key": undefined,
                      "nodeType": "host",
                      "props": Object {
                        "children": "Rendell, Steve",
                        "href": 1,
                      },
                      "ref": null,
                      "rendered": "Rendell, Steve",
                      "type": "a",
                    },
                    "type": "td",
                  },
                  Object {
                    "instance": null,
                    "key": undefined,
                    "nodeType": "host",
                    "props": Object {
                      "children": "ZZ124WX",
                    },
                    "ref": null,
                    "rendered": "ZZ124WX",
                    "type": "td",
                  },
                  Object {
                    "instance": null,
                    "key": undefined,
                    "nodeType": "host",
                    "props": Object {
                      "children": "L-1-1",
                    },
                    "ref": null,
                    "rendered": "L-1-1",
                    "type": "td",
                  },
                  Object {
                    "instance": null,
                    "key": undefined,
                    "nodeType": "host",
                    "props": Object {
                      "children": "release date todo",
                    },
                    "ref": null,
                    "rendered": "release date todo",
                    "type": "td",
                  },
                  Object {
                    "instance": null,
                    "key": undefined,
                    "nodeType": "host",
                    "props": Object {
                      "children": "csra todo",
                    },
                    "ref": null,
                    "rendered": "csra todo",
                    "type": "td",
                  },
                  Object {
                    "instance": null,
                    "key": undefined,
                    "nodeType": "host",
                    "props": Object {
                      "children": Array [
                        ", ",
                        <span
                          className="tooltipSpan"
                          data-tip="undefined allocated"
>
                          <img
                                                    alt="current Key worker allocation"
                                                    className="tooltipImage"
                                                    src="images/icon-information.png"
                          />
</span>,
                        <ReactTooltip
                          effect="solid"
                          insecure={true}
                          place="top"
                          resizeHide={true}
                          theme="info"
                          wrapper="div"
/>,
                      ],
                    },
                    "ref": null,
                    "rendered": Array [
                      ", ",
                      Object {
                        "instance": null,
                        "key": undefined,
                        "nodeType": "host",
                        "props": Object {
                          "children": <img
                            alt="current Key worker allocation"
                            className="tooltipImage"
                            src="images/icon-information.png"
/>,
                          "className": "tooltipSpan",
                          "data-tip": "undefined allocated",
                        },
                        "ref": null,
                        "rendered": Object {
                          "instance": null,
                          "key": undefined,
                          "nodeType": "host",
                          "props": Object {
                            "alt": "current Key worker allocation",
                            "className": "tooltipImage",
                            "src": "images/icon-information.png",
                          },
                          "ref": null,
                          "rendered": null,
                          "type": "img",
                        },
                        "type": "span",
                      },
                      Object {
                        "instance": null,
                        "key": undefined,
                        "nodeType": "class",
                        "props": Object {
                          "effect": "solid",
                          "insecure": true,
                          "place": "top",
                          "resizeHide": true,
                          "theme": "info",
                          "wrapper": "div",
                        },
                        "ref": null,
                        "rendered": null,
                        "type": [Function],
                      },
                    ],
                    "type": "td",
                  },
                ],
                "type": "tr",
              },
              Object {
                "instance": null,
                "key": "2",
                "nodeType": "host",
                "props": Object {
                  "children": Array [
                    <td>
                      <a
                                            href={2}
                      >
                                            Rendell2, Steve2
                      </a>
</td>,
                    <td>
                      ZZ125WX
</td>,
                    <td>
                      L-1-2
</td>,
                    <td>
                      release date todo
</td>,
                    <td>
                      csra todo
</td>,
                    <td>
                      , 
                      <span
                                            className="tooltipSpan"
                                            data-tip="undefined allocated"
                      >
                                            <img
                                                                  alt="current Key worker allocation"
                                                                  className="tooltipImage"
                                                                  src="images/icon-information.png"
                                            />
                      </span>
                      <ReactTooltip
                                            effect="solid"
                                            insecure={true}
                                            place="top"
                                            resizeHide={true}
                                            theme="info"
                                            wrapper="div"
                      />
</td>,
                  ],
                },
                "ref": null,
                "rendered": Array [
                  Object {
                    "instance": null,
                    "key": undefined,
                    "nodeType": "host",
                    "props": Object {
                      "children": <a
                        href={2}
>
                        Rendell2, Steve2
</a>,
                    },
                    "ref": null,
                    "rendered": Object {
                      "instance": null,
                      "key": undefined,
                      "nodeType": "host",
                      "props": Object {
                        "children": "Rendell2, Steve2",
                        "href": 2,
                      },
                      "ref": null,
                      "rendered": "Rendell2, Steve2",
                      "type": "a",
                    },
                    "type": "td",
                  },
                  Object {
                    "instance": null,
                    "key": undefined,
                    "nodeType": "host",
                    "props": Object {
                      "children": "ZZ125WX",
                    },
                    "ref": null,
                    "rendered": "ZZ125WX",
                    "type": "td",
                  },
                  Object {
                    "instance": null,
                    "key": undefined,
                    "nodeType": "host",
                    "props": Object {
                      "children": "L-1-2",
                    },
                    "ref": null,
                    "rendered": "L-1-2",
                    "type": "td",
                  },
                  Object {
                    "instance": null,
                    "key": undefined,
                    "nodeType": "host",
                    "props": Object {
                      "children": "release date todo",
                    },
                    "ref": null,
                    "rendered": "release date todo",
                    "type": "td",
                  },
                  Object {
                    "instance": null,
                    "key": undefined,
                    "nodeType": "host",
                    "props": Object {
                      "children": "csra todo",
                    },
                    "ref": null,
                    "rendered": "csra todo",
                    "type": "td",
                  },
                  Object {
                    "instance": null,
                    "key": undefined,
                    "nodeType": "host",
                    "props": Object {
                      "children": Array [
                        ", ",
                        <span
                          className="tooltipSpan"
                          data-tip="undefined allocated"
>
                          <img
                                                    alt="current Key worker allocation"
                                                    className="tooltipImage"
                                                    src="images/icon-information.png"
                          />
</span>,
                        <ReactTooltip
                          effect="solid"
                          insecure={true}
                          place="top"
                          resizeHide={true}
                          theme="info"
                          wrapper="div"
/>,
                      ],
                    },
                    "ref": null,
                    "rendered": Array [
                      ", ",
                      Object {
                        "instance": null,
                        "key": undefined,
                        "nodeType": "host",
                        "props": Object {
                          "children": <img
                            alt="current Key worker allocation"
                            className="tooltipImage"
                            src="images/icon-information.png"
/>,
                          "className": "tooltipSpan",
                          "data-tip": "undefined allocated",
                        },
                        "ref": null,
                        "rendered": Object {
                          "instance": null,
                          "key": undefined,
                          "nodeType": "host",
                          "props": Object {
                            "alt": "current Key worker allocation",
                            "className": "tooltipImage",
                            "src": "images/icon-information.png",
                          },
                          "ref": null,
                          "rendered": null,
                          "type": "img",
                        },
                        "type": "span",
                      },
                      Object {
                        "instance": null,
                        "key": undefined,
                        "nodeType": "class",
                        "props": Object {
                          "effect": "solid",
                          "insecure": true,
                          "place": "top",
                          "resizeHide": true,
                          "theme": "info",
                          "wrapper": "div",
                        },
                        "ref": null,
                        "rendered": null,
                        "type": [Function],
                      },
                    ],
                    "type": "td",
                  },
                ],
                "type": "tr",
              },
            ],
            "type": "tbody",
          },
        ],
        "type": "table",
      },
      Object {
        "instance": null,
        "key": undefined,
        "nodeType": "host",
        "props": Object {
          "children": "Allocate",
          "className": "button top-gutter pure-u-md-2-12",
          "onClick": [Function],
        },
        "ref": null,
        "rendered": "Allocate",
        "type": "button",
      },
    ],
    "type": "div",
  },
  Symbol(enzyme.__nodes__): Array [
    Object {
      "instance": null,
      "key": undefined,
      "nodeType": "host",
      "props": Object {
        "children": Array [
          <h1
            className="heading-large"
>
            Key worker allocation
</h1>,
          <p>
            These prisoners below have been automatically allocated to a Key worker. Use the drop down menu on the right to override it. The number in the brackets indicates the current total of allocated prisoners to each Key worker.
</p>,
          <table>
            <thead>
                        <tr>
                                    <th>
                                                Name
                                    </th>
                                    <th>
                                                NOMS ID
                                    </th>
                                    <th>
                                                Location
                                    </th>
                                    <th>
                                                RD
                                    </th>
                                    <th>
                                                CSRA
                                    </th>
                                    <th>
                                                Allocated Key worker
                                    </th>
                        </tr>
            </thead>
            <tbody>
                        <tr>
                                    <td>
                                                <a
                                                            href={1}
                                                >
                                                            Rendell, Steve
                                                </a>
                                    </td>
                                    <td>
                                                ZZ124WX
                                    </td>
                                    <td>
                                                L-1-1
                                    </td>
                                    <td>
                                                release date todo
                                    </td>
                                    <td>
                                                csra todo
                                    </td>
                                    <td>
                                                , 
                                                <span
                                                            className="tooltipSpan"
                                                            data-tip="undefined allocated"
                                                >
                                                            <img
                                                                        alt="current Key worker allocation"
                                                                        className="tooltipImage"
                                                                        src="images/icon-information.png"
                                                            />
                                                </span>
                                                <ReactTooltip
                                                            effect="solid"
                                                            insecure={true}
                                                            place="top"
                                                            resizeHide={true}
                                                            theme="info"
                                                            wrapper="div"
                                                />
                                    </td>
                        </tr>
                        <tr>
                                    <td>
                                                <a
                                                            href={2}
                                                >
                                                            Rendell2, Steve2
                                                </a>
                                    </td>
                                    <td>
                                                ZZ125WX
                                    </td>
                                    <td>
                                                L-1-2
                                    </td>
                                    <td>
                                                release date todo
                                    </td>
                                    <td>
                                                csra todo
                                    </td>
                                    <td>
                                                , 
                                                <span
                                                            className="tooltipSpan"
                                                            data-tip="undefined allocated"
                                                >
                                                            <img
                                                                        alt="current Key worker allocation"
                                                                        className="tooltipImage"
                                                                        src="images/icon-information.png"
                                                            />
                                                </span>
                                                <ReactTooltip
                                                            effect="solid"
                                                            insecure={true}
                                                            place="top"
                                                            resizeHide={true}
                                                            theme="info"
                                                            wrapper="div"
                                                />
                                    </td>
                        </tr>
            </tbody>
</table>,
          <button
            className="button top-gutter pure-u-md-2-12"
            onClick={[Function]}
>
            Allocate
</button>,
        ],
      },
      "ref": null,
      "rendered": Array [
        Object {
          "instance": null,
          "key": undefined,
          "nodeType": "host",
          "props": Object {
            "children": "Key worker allocation",
            "className": "heading-large",
          },
          "ref": null,
          "rendered": "Key worker allocation",
          "type": "h1",
        },
        Object {
          "instance": null,
          "key": undefined,
          "nodeType": "host",
          "props": Object {
            "children": "These prisoners below have been automatically allocated to a Key worker. Use the drop down menu on the right to override it. The number in the brackets indicates the current total of allocated prisoners to each Key worker.",
          },
          "ref": null,
          "rendered": "These prisoners below have been automatically allocated to a Key worker. Use the drop down menu on the right to override it. The number in the brackets indicates the current total of allocated prisoners to each Key worker.",
          "type": "p",
        },
        Object {
          "instance": null,
          "key": undefined,
          "nodeType": "host",
          "props": Object {
            "children": Array [
              <thead>
                <tr>
                                <th>
                                                Name
                                </th>
                                <th>
                                                NOMS ID
                                </th>
                                <th>
                                                Location
                                </th>
                                <th>
                                                RD
                                </th>
                                <th>
                                                CSRA
                                </th>
                                <th>
                                                Allocated Key worker
                                </th>
                </tr>
</thead>,
              <tbody>
                <tr>
                                <td>
                                                <a
                                                                href={1}
                                                >
                                                                Rendell, Steve
                                                </a>
                                </td>
                                <td>
                                                ZZ124WX
                                </td>
                                <td>
                                                L-1-1
                                </td>
                                <td>
                                                release date todo
                                </td>
                                <td>
                                                csra todo
                                </td>
                                <td>
                                                , 
                                                <span
                                                                className="tooltipSpan"
                                                                data-tip="undefined allocated"
                                                >
                                                                <img
                                                                                alt="current Key worker allocation"
                                                                                className="tooltipImage"
                                                                                src="images/icon-information.png"
                                                                />
                                                </span>
                                                <ReactTooltip
                                                                effect="solid"
                                                                insecure={true}
                                                                place="top"
                                                                resizeHide={true}
                                                                theme="info"
                                                                wrapper="div"
                                                />
                                </td>
                </tr>
                <tr>
                                <td>
                                                <a
                                                                href={2}
                                                >
                                                                Rendell2, Steve2
                                                </a>
                                </td>
                                <td>
                                                ZZ125WX
                                </td>
                                <td>
                                                L-1-2
                                </td>
                                <td>
                                                release date todo
                                </td>
                                <td>
                                                csra todo
                                </td>
                                <td>
                                                , 
                                                <span
                                                                className="tooltipSpan"
                                                                data-tip="undefined allocated"
                                                >
                                                                <img
                                                                                alt="current Key worker allocation"
                                                                                className="tooltipImage"
                                                                                src="images/icon-information.png"
                                                                />
                                                </span>
                                                <ReactTooltip
                                                                effect="solid"
                                                                insecure={true}
                                                                place="top"
                                                                resizeHide={true}
                                                                theme="info"
                                                                wrapper="div"
                                                />
                                </td>
                </tr>
</tbody>,
            ],
          },
          "ref": null,
          "rendered": Array [
            Object {
              "instance": null,
              "key": undefined,
              "nodeType": "host",
              "props": Object {
                "children": <tr>
                  <th>
                                    Name
                  </th>
                  <th>
                                    NOMS ID
                  </th>
                  <th>
                                    Location
                  </th>
                  <th>
                                    RD
                  </th>
                  <th>
                                    CSRA
                  </th>
                  <th>
                                    Allocated Key worker
                  </th>
</tr>,
              },
              "ref": null,
              "rendered": Object {
                "instance": null,
                "key": undefined,
                "nodeType": "host",
                "props": Object {
                  "children": Array [
                    <th>
                      Name
</th>,
                    <th>
                      NOMS ID
</th>,
                    <th>
                      Location
</th>,
                    <th>
                      RD
</th>,
                    <th>
                      CSRA
</th>,
                    <th>
                      Allocated Key worker
</th>,
                  ],
                },
                "ref": null,
                "rendered": Array [
                  Object {
                    "instance": null,
                    "key": undefined,
                    "nodeType": "host",
                    "props": Object {
                      "children": "Name",
                    },
                    "ref": null,
                    "rendered": "Name",
                    "type": "th",
                  },
                  Object {
                    "instance": null,
                    "key": undefined,
                    "nodeType": "host",
                    "props": Object {
                      "children": "NOMS ID",
                    },
                    "ref": null,
                    "rendered": "NOMS ID",
                    "type": "th",
                  },
                  Object {
                    "instance": null,
                    "key": undefined,
                    "nodeType": "host",
                    "props": Object {
                      "children": "Location",
                    },
                    "ref": null,
                    "rendered": "Location",
                    "type": "th",
                  },
                  Object {
                    "instance": null,
                    "key": undefined,
                    "nodeType": "host",
                    "props": Object {
                      "children": "RD",
                    },
                    "ref": null,
                    "rendered": "RD",
                    "type": "th",
                  },
                  Object {
                    "instance": null,
                    "key": undefined,
                    "nodeType": "host",
                    "props": Object {
                      "children": "CSRA",
                    },
                    "ref": null,
                    "rendered": "CSRA",
                    "type": "th",
                  },
                  Object {
                    "instance": null,
                    "key": undefined,
                    "nodeType": "host",
                    "props": Object {
                      "children": "Allocated Key worker",
                    },
                    "ref": null,
                    "rendered": "Allocated Key worker",
                    "type": "th",
                  },
                ],
                "type": "tr",
              },
              "type": "thead",
            },
            Object {
              "instance": null,
              "key": undefined,
              "nodeType": "host",
              "props": Object {
                "children": Array [
                  <tr>
                    <td>
                                        <a
                                                            href={1}
                                        >
                                                            Rendell, Steve
                                        </a>
                    </td>
                    <td>
                                        ZZ124WX
                    </td>
                    <td>
                                        L-1-1
                    </td>
                    <td>
                                        release date todo
                    </td>
                    <td>
                                        csra todo
                    </td>
                    <td>
                                        , 
                                        <span
                                                            className="tooltipSpan"
                                                            data-tip="undefined allocated"
                                        >
                                                            <img
                                                                                alt="current Key worker allocation"
                                                                                className="tooltipImage"
                                                                                src="images/icon-information.png"
                                                            />
                                        </span>
                                        <ReactTooltip
                                                            effect="solid"
                                                            insecure={true}
                                                            place="top"
                                                            resizeHide={true}
                                                            theme="info"
                                                            wrapper="div"
                                        />
                    </td>
</tr>,
                  <tr>
                    <td>
                                        <a
                                                            href={2}
                                        >
                                                            Rendell2, Steve2
                                        </a>
                    </td>
                    <td>
                                        ZZ125WX
                    </td>
                    <td>
                                        L-1-2
                    </td>
                    <td>
                                        release date todo
                    </td>
                    <td>
                                        csra todo
                    </td>
                    <td>
                                        , 
                                        <span
                                                            className="tooltipSpan"
                                                            data-tip="undefined allocated"
                                        >
                                                            <img
                                                                                alt="current Key worker allocation"
                                                                                className="tooltipImage"
                                                                                src="images/icon-information.png"
                                                            />
                                        </span>
                                        <ReactTooltip
                                                            effect="solid"
                                                            insecure={true}
                                                            place="top"
                                                            resizeHide={true}
                                                            theme="info"
                                                            wrapper="div"
                                        />
                    </td>
</tr>,
                ],
              },
              "ref": null,
              "rendered": Array [
                Object {
                  "instance": null,
                  "key": "1",
                  "nodeType": "host",
                  "props": Object {
                    "children": Array [
                      <td>
                        <a
                                                href={1}
                        >
                                                Rendell, Steve
                        </a>
</td>,
                      <td>
                        ZZ124WX
</td>,
                      <td>
                        L-1-1
</td>,
                      <td>
                        release date todo
</td>,
                      <td>
                        csra todo
</td>,
                      <td>
                        , 
                        <span
                                                className="tooltipSpan"
                                                data-tip="undefined allocated"
                        >
                                                <img
                                                                        alt="current Key worker allocation"
                                                                        className="tooltipImage"
                                                                        src="images/icon-information.png"
                                                />
                        </span>
                        <ReactTooltip
                                                effect="solid"
                                                insecure={true}
                                                place="top"
                                                resizeHide={true}
                                                theme="info"
                                                wrapper="div"
                        />
</td>,
                    ],
                  },
                  "ref": null,
                  "rendered": Array [
                    Object {
                      "instance": null,
                      "key": undefined,
                      "nodeType": "host",
                      "props": Object {
                        "children": <a
                          href={1}
>
                          Rendell, Steve
</a>,
                      },
                      "ref": null,
                      "rendered": Object {
                        "instance": null,
                        "key": undefined,
                        "nodeType": "host",
                        "props": Object {
                          "children": "Rendell, Steve",
                          "href": 1,
                        },
                        "ref": null,
                        "rendered": "Rendell, Steve",
                        "type": "a",
                      },
                      "type": "td",
                    },
                    Object {
                      "instance": null,
                      "key": undefined,
                      "nodeType": "host",
                      "props": Object {
                        "children": "ZZ124WX",
                      },
                      "ref": null,
                      "rendered": "ZZ124WX",
                      "type": "td",
                    },
                    Object {
                      "instance": null,
                      "key": undefined,
                      "nodeType": "host",
                      "props": Object {
                        "children": "L-1-1",
                      },
                      "ref": null,
                      "rendered": "L-1-1",
                      "type": "td",
                    },
                    Object {
                      "instance": null,
                      "key": undefined,
                      "nodeType": "host",
                      "props": Object {
                        "children": "release date todo",
                      },
                      "ref": null,
                      "rendered": "release date todo",
                      "type": "td",
                    },
                    Object {
                      "instance": null,
                      "key": undefined,
                      "nodeType": "host",
                      "props": Object {
                        "children": "csra todo",
                      },
                      "ref": null,
                      "rendered": "csra todo",
                      "type": "td",
                    },
                    Object {
                      "instance": null,
                      "key": undefined,
                      "nodeType": "host",
                      "props": Object {
                        "children": Array [
                          ", ",
                          <span
                            className="tooltipSpan"
                            data-tip="undefined allocated"
>
                            <img
                                                        alt="current Key worker allocation"
                                                        className="tooltipImage"
                                                        src="images/icon-information.png"
                            />
</span>,
                          <ReactTooltip
                            effect="solid"
                            insecure={true}
                            place="top"
                            resizeHide={true}
                            theme="info"
                            wrapper="div"
/>,
                        ],
                      },
                      "ref": null,
                      "rendered": Array [
                        ", ",
                        Object {
                          "instance": null,
                          "key": undefined,
                          "nodeType": "host",
                          "props": Object {
                            "children": <img
                              alt="current Key worker allocation"
                              className="tooltipImage"
                              src="images/icon-information.png"
/>,
                            "className": "tooltipSpan",
                            "data-tip": "undefined allocated",
                          },
                          "ref": null,
                          "rendered": Object {
                            "instance": null,
                            "key": undefined,
                            "nodeType": "host",
                            "props": Object {
                              "alt": "current Key worker allocation",
                              "className": "tooltipImage",
                              "src": "images/icon-information.png",
                            },
                            "ref": null,
                            "rendered": null,
                            "type": "img",
                          },
                          "type": "span",
                        },
                        Object {
                          "instance": null,
                          "key": undefined,
                          "nodeType": "class",
                          "props": Object {
                            "effect": "solid",
                            "insecure": true,
                            "place": "top",
                            "resizeHide": true,
                            "theme": "info",
                            "wrapper": "div",
                          },
                          "ref": null,
                          "rendered": null,
                          "type": [Function],
                        },
                      ],
                      "type": "td",
                    },
                  ],
                  "type": "tr",
                },
                Object {
                  "instance": null,
                  "key": "2",
                  "nodeType": "host",
                  "props": Object {
                    "children": Array [
                      <td>
                        <a
                                                href={2}
                        >
                                                Rendell2, Steve2
                        </a>
</td>,
                      <td>
                        ZZ125WX
</td>,
                      <td>
                        L-1-2
</td>,
                      <td>
                        release date todo
</td>,
                      <td>
                        csra todo
</td>,
                      <td>
                        , 
                        <span
                                                className="tooltipSpan"
                                                data-tip="undefined allocated"
                        >
                                                <img
                                                                        alt="current Key worker allocation"
                                                                        className="tooltipImage"
                                                                        src="images/icon-information.png"
                                                />
                        </span>
                        <ReactTooltip
                                                effect="solid"
                                                insecure={true}
                                                place="top"
                                                resizeHide={true}
                                                theme="info"
                                                wrapper="div"
                        />
</td>,
                    ],
                  },
                  "ref": null,
                  "rendered": Array [
                    Object {
                      "instance": null,
                      "key": undefined,
                      "nodeType": "host",
                      "props": Object {
                        "children": <a
                          href={2}
>
                          Rendell2, Steve2
</a>,
                      },
                      "ref": null,
                      "rendered": Object {
                        "instance": null,
                        "key": undefined,
                        "nodeType": "host",
                        "props": Object {
                          "children": "Rendell2, Steve2",
                          "href": 2,
                        },
                        "ref": null,
                        "rendered": "Rendell2, Steve2",
                        "type": "a",
                      },
                      "type": "td",
                    },
                    Object {
                      "instance": null,
                      "key": undefined,
                      "nodeType": "host",
                      "props": Object {
                        "children": "ZZ125WX",
                      },
                      "ref": null,
                      "rendered": "ZZ125WX",
                      "type": "td",
                    },
                    Object {
                      "instance": null,
                      "key": undefined,
                      "nodeType": "host",
                      "props": Object {
                        "children": "L-1-2",
                      },
                      "ref": null,
                      "rendered": "L-1-2",
                      "type": "td",
                    },
                    Object {
                      "instance": null,
                      "key": undefined,
                      "nodeType": "host",
                      "props": Object {
                        "children": "release date todo",
                      },
                      "ref": null,
                      "rendered": "release date todo",
                      "type": "td",
                    },
                    Object {
                      "instance": null,
                      "key": undefined,
                      "nodeType": "host",
                      "props": Object {
                        "children": "csra todo",
                      },
                      "ref": null,
                      "rendered": "csra todo",
                      "type": "td",
                    },
                    Object {
                      "instance": null,
                      "key": undefined,
                      "nodeType": "host",
                      "props": Object {
                        "children": Array [
                          ", ",
                          <span
                            className="tooltipSpan"
                            data-tip="undefined allocated"
>
                            <img
                                                        alt="current Key worker allocation"
                                                        className="tooltipImage"
                                                        src="images/icon-information.png"
                            />
</span>,
                          <ReactTooltip
                            effect="solid"
                            insecure={true}
                            place="top"
                            resizeHide={true}
                            theme="info"
                            wrapper="div"
/>,
                        ],
                      },
                      "ref": null,
                      "rendered": Array [
                        ", ",
                        Object {
                          "instance": null,
                          "key": undefined,
                          "nodeType": "host",
                          "props": Object {
                            "children": <img
                              alt="current Key worker allocation"
                              className="tooltipImage"
                              src="images/icon-information.png"
/>,
                            "className": "tooltipSpan",
                            "data-tip": "undefined allocated",
                          },
                          "ref": null,
                          "rendered": Object {
                            "instance": null,
                            "key": undefined,
                            "nodeType": "host",
                            "props": Object {
                              "alt": "current Key worker allocation",
                              "className": "tooltipImage",
                              "src": "images/icon-information.png",
                            },
                            "ref": null,
                            "rendered": null,
                            "type": "img",
                          },
                          "type": "span",
                        },
                        Object {
                          "instance": null,
                          "key": undefined,
                          "nodeType": "class",
                          "props": Object {
                            "effect": "solid",
                            "insecure": true,
                            "place": "top",
                            "resizeHide": true,
                            "theme": "info",
                            "wrapper": "div",
                          },
                          "ref": null,
                          "rendered": null,
                          "type": [Function],
                        },
                      ],
                      "type": "td",
                    },
                  ],
                  "type": "tr",
                },
              ],
              "type": "tbody",
            },
          ],
          "type": "table",
        },
        Object {
          "instance": null,
          "key": undefined,
          "nodeType": "host",
          "props": Object {
            "children": "Allocate",
            "className": "button top-gutter pure-u-md-2-12",
            "onClick": [Function],
          },
          "ref": null,
          "rendered": "Allocate",
          "type": "button",
        },
      ],
      "type": "div",
    },
  ],
  Symbol(enzyme.__options__): Object {
    "adapter": ReactSixteenAdapter {
      "options": Object {
        "enableComponentDidUpdateOnSetState": true,
      },
    },
  },
}
`;
